badAdd1.rask:3:18: error: function binary+(boolean, int32) not found