main7.rask:1:7: error: missing closing parenthesis ')'
