main6.rask:1:5: error: missing opening parenthesis '('
