print3.rask:3:5: error: function print() not found

