print7.rask:3:13: error: missing closing parenthesis ')'

