print4b.rask:3:5: error: function print(int32, int32) not found
