print6.rask:3:8: error: missing opening parenthesis '('

